Hello from file system tools!